// Jest Snapshot v1, https://goo.gl/fbAQLP

exports[`validates arguments 1`] = `"The initial backoff interval must be positive"`;

exports[`validates arguments 2`] = `"The previous retry count must not be negative"`;

exports[`validates arguments 3`] = `"The backoff multiplier must be greater than or equal to 1"`;

exports[`validates arguments 4`] = `"The randomization factor must be between 0 and 1, inclusive"`;

exports[`validates arguments 5`] = `"The randomization factor must be between 0 and 1, inclusive"`;

exports[`validates arguments 6`] = `"The minimum backoff interval must be positive"`;
